// Jest Snapshot v1, https://goo.gl/fbAQLP

exports[`Exchanger feature renders without crashing 1`] = `
<div
  className="exchanger"
>
  <div
    className="currency-panel"
  >
    <div
      className="currency-select"
    >
      <select
        className="currency-select__native"
        onChange={[Function]}
        value="USD"
      >
        <option
          value="USD"
        >
          USD
        </option>
      </select>
      <span
        className="currency-select__label"
      >
        USD
      </span>
    </div>
    <div
      className="input"
    >
      <input
        className="input__field"
        min={0}
        onChange={[Function]}
        placeholder={0}
        step=".01"
        type="number"
        value={100}
      />
    </div>
    <div
      className="currency-panel__balance"
    >
      You have: 
      <span>
        <abbr>
          $
           
        </abbr>
        2000.00
      </span>
    </div>
  </div>
  <div
    className="exchanger__rate"
  >
    <span
      className="current-rate"
    >
      <span
        className="chart-icon"
      >
        <svg
          id="Capa_1"
          version="1.1"
          viewBox="0 0 612.002 460.000"
          x="0px"
          xmlns="http://www.w3.org/2000/svg"
          y="0px"
        >
          <g>
            <g>
              <path
                d="M108.485,376.479c4.436,0,8.927-1.25,12.921-3.85l133.784-87.186l116.218,51.979c3.108,1.39,6.404,2.067,9.678,2.067 c5.84,0,11.604-2.158,16.069-6.277l112.802-103.978v18.584c0,13.094,10.613,23.709,23.707,23.709 c13.094,0,23.707-10.615,23.707-23.709V175.56c0-13.094-10.613-23.709-23.707-23.709h-72.26 c-13.094,0-23.707,10.615-23.707,23.709s10.613,23.707,23.707,23.707h11.102l-96.003,88.493l-113.755-50.877 c-3.092-1.383-6.392-2.065-9.676-2.065c-4.529,0-9.035,1.298-12.946,3.846L95.518,332.904c-10.97,7.148-14.069,21.834-6.92,32.809 C93.142,372.684,100.735,376.479,108.485,376.479z"
              />
            </g>
          </g>
        </svg>
      </span>
      <span>
        <abbr>
          $
           
        </abbr>
        1
      </span>
      <span>
         = 
      </span>
      <span>
        <abbr>
          €
           
        </abbr>
        2.00000
      </span>
    </span>
  </div>
  <div
    className="currency-panel exchanger__to"
  >
    <div
      className="currency-select"
    >
      <select
        className="currency-select__native"
        onChange={[Function]}
        value="EUR"
      >
        <option
          value="USD"
        >
          USD
        </option>
        <option
          value="EUR"
        >
          EUR
        </option>
      </select>
      <span
        className="currency-select__label"
      >
        EUR
      </span>
    </div>
    <div
      className="input"
    >
      <input
        className="input__field"
        min={0}
        onChange={[Function]}
        placeholder={0}
        step=".01"
        type="number"
        value={200}
      />
    </div>
    <div
      className="currency-panel__balance"
    >
      You have: 
      <span>
        <abbr>
          €
           
        </abbr>
        0.00
      </span>
    </div>
  </div>
  <div
    className="exchanger__actions"
  >
    <button
      className="button"
      onClick={[Function]}
    >
      <span
        className="button__label"
      >
        Exchange
      </span>
    </button>
  </div>
</div>
`;
